ARM Linker, 5.03 [Build 76] [MDK-ARM Lite]

==============================================================================

Section Cross References

    startup_tm4c123.o(STACK) refers (Special) to heapauxi.o(.text) for __use_two_region_memory
    startup_tm4c123.o(HEAP) refers (Special) to heapauxi.o(.text) for __use_two_region_memory
    startup_tm4c123.o(RESET) refers (Special) to heapauxi.o(.text) for __use_two_region_memory
    startup_tm4c123.o(RESET) refers to startup_tm4c123.o(STACK) for __initial_sp
    startup_tm4c123.o(RESET) refers to startup_tm4c123.o(.text) for Reset_Handler
    startup_tm4c123.o(.text) refers (Special) to heapauxi.o(.text) for __use_two_region_memory
    startup_tm4c123.o(.text) refers to main.o(.text) for SystemInit
    startup_tm4c123.o(.text) refers to startup_tm4c123.o(HEAP) for Heap_Mem
    startup_tm4c123.o(.text) refers to startup_tm4c123.o(STACK) for Stack_Mem
    main.o(.text) refers to initialization.o(.text) for calc_fun
    initialization.o(.text) refers to _printf_pad.o(.text) for _printf_pre_padding
    initialization.o(.text) refers to _printf_percent.o(.ARM.Collect$$_printf_percent$$00000000) for _printf_percent
    initialization.o(.text) refers to _printf_f.o(.ARM.Collect$$_printf_percent$$00000003) for _printf_f
    initialization.o(.text) refers to printf1.o(x$fpl$printf1) for _printf_fp_dec
    initialization.o(.text) refers to _printf_d.o(.ARM.Collect$$_printf_percent$$00000009) for _printf_d
    initialization.o(.text) refers to _printf_dec.o(.text) for _printf_int_dec
    initialization.o(.text) refers to delay.o(.text) for Delay_ms
    initialization.o(.text) refers to initialization.o(.constdata) for .constdata
    initialization.o(.text) refers to f2d.o(x$fpl$f2d) for __aeabi_f2d
    initialization.o(.text) refers to noretval__2sprintf.o(.text) for __2sprintf
    initialization.o(.text) refers to atoi.o(.text) for atoi
    __2sprintf.o(.text) refers to _printf_char_common.o(.text) for _printf_char_common
    __2sprintf.o(.text) refers to _sputc.o(.text) for _sputc
    noretval__2sprintf.o(.text) refers to _printf_char_common.o(.text) for _printf_char_common
    noretval__2sprintf.o(.text) refers to _sputc.o(.text) for _sputc
    __printf.o(.text) refers to _printf_percent.o(.ARM.Collect$$_printf_percent$$00000000) for _printf_percent
    _printf_dec.o(.text) refers to _printf_intcommon.o(.text) for _printf_int_common
    __printf_flags.o(.text) refers to _printf_percent.o(.ARM.Collect$$_printf_percent$$00000000) for _printf_percent
    __printf_flags.o(.text) refers to __printf_flags.o(.constdata) for .constdata
    __printf_ss.o(.text) refers to _printf_percent.o(.ARM.Collect$$_printf_percent$$00000000) for _printf_percent
    __printf_flags_ss.o(.text) refers to _printf_percent.o(.ARM.Collect$$_printf_percent$$00000000) for _printf_percent
    __printf_flags_ss.o(.text) refers to __printf_flags_ss.o(.constdata) for .constdata
    __printf_wp.o(.text) refers to __printf_wp.o(i._is_digit) for _is_digit
    __printf_wp.o(.text) refers to _printf_percent.o(.ARM.Collect$$_printf_percent$$00000000) for _printf_percent
    __printf_flags_wp.o(.text) refers to __printf_wp.o(i._is_digit) for _is_digit
    __printf_flags_wp.o(.text) refers to _printf_percent.o(.ARM.Collect$$_printf_percent$$00000000) for _printf_percent
    __printf_flags_wp.o(.text) refers to __printf_flags_wp.o(.constdata) for .constdata
    __printf_ss_wp.o(.text) refers to __printf_wp.o(i._is_digit) for _is_digit
    __printf_ss_wp.o(.text) refers to _printf_percent.o(.ARM.Collect$$_printf_percent$$00000000) for _printf_percent
    __printf_flags_ss_wp.o(.text) refers to __printf_wp.o(i._is_digit) for _is_digit
    __printf_flags_ss_wp.o(.text) refers to _printf_percent.o(.ARM.Collect$$_printf_percent$$00000000) for _printf_percent
    __printf_flags_ss_wp.o(.text) refers to __printf_flags_ss_wp.o(.constdata) for .constdata
    _printf_d.o(.ARM.Collect$$_printf_percent$$00000009) refers (Weak) to _printf_dec.o(.text) for _printf_int_dec
    _printf_f.o(.ARM.Collect$$_printf_percent$$00000003) refers (Weak) to printf1.o(x$fpl$printf1) for _printf_fp_dec
    _printf_percent.o(.ARM.Collect$$_printf_percent$$00000000) refers (Special) to _printf_percent_end.o(.ARM.Collect$$_printf_percent$$00000017) for _printf_percent_end
    atoi.o(.text) refers to rt_errno_addr_intlibspace.o(.text) for __aeabi_errno_addr
    atoi.o(.text) refers to strtol.o(.text) for strtol
    __main.o(!!!main) refers to rtentry.o(.ARM.Collect$$rtentry$$00000000) for __rt_entry
    f2d.o(x$fpl$f2d) refers (Special) to usenofp.o(x$fpl$usenofp) for __I$use$fp
    f2d.o(x$fpl$f2d) refers to fnaninf.o(x$fpl$fnaninf) for __fpl_fnaninf
    f2d.o(x$fpl$f2d) refers to dretinf.o(x$fpl$dretinf) for __fpl_dretinf
    printf1.o(x$fpl$printf1) refers to _printf_fp_dec.o(.text) for _printf_fp_dec_real
    rtentry.o(.ARM.Collect$$rtentry$$00000000) refers (Special) to rtentry2.o(.ARM.Collect$$rtentry$$0000000A) for __rt_entry_li
    rtentry.o(.ARM.Collect$$rtentry$$00000000) refers (Special) to rtentry2.o(.ARM.Collect$$rtentry$$0000000D) for __rt_entry_main
    rtentry.o(.ARM.Collect$$rtentry$$00000000) refers (Special) to rtentry2.o(.ARM.Collect$$rtentry$$0000000C) for __rt_entry_postli_1
    rtentry.o(.ARM.Collect$$rtentry$$00000000) refers (Special) to rtentry2.o(.ARM.Collect$$rtentry$$00000009) for __rt_entry_postsh_1
    rtentry.o(.ARM.Collect$$rtentry$$00000000) refers (Special) to rtentry2.o(.ARM.Collect$$rtentry$$00000002) for __rt_entry_presh_1
    rtentry.o(.ARM.Collect$$rtentry$$00000000) refers (Special) to rtentry4.o(.ARM.Collect$$rtentry$$00000004) for __rt_entry_sh
    rt_errno_addr.o(.text) refers to rt_errno_addr.o(.bss) for __aeabi_errno_addr_data
    rt_errno_addr_intlibspace.o(.text) refers to libspace.o(.bss) for __libspace_start
    _printf_intcommon.o(.text) refers (Weak) to _printf_pad.o(.text) for _printf_pre_padding
    _printf_intcommon.o(.text) refers (Weak) to _printf_pad.o(.text) for _printf_pre_padding
    _printf_intcommon.o(.text) refers (Weak) to _printf_pad.o(.text) for _printf_post_padding
    _printf_fp_dec.o(.text) refers (Special) to usenofp.o(x$fpl$usenofp) for __I$use$fp
    _printf_fp_dec.o(.text) refers (Special) to lc_numeric_c.o(locale$$code) for _get_lc_numeric
    _printf_fp_dec.o(.text) refers to bigflt0.o(.text) for _btod_etento
    _printf_fp_dec.o(.text) refers to btod.o(CL$$btod_d2e) for _btod_d2e
    _printf_fp_dec.o(.text) refers to btod.o(CL$$btod_ediv) for _btod_ediv
    _printf_fp_dec.o(.text) refers to btod.o(CL$$btod_emul) for _btod_emul
    _printf_fp_dec.o(.text) refers to lludiv10.o(.text) for _ll_udiv10
    _printf_fp_dec.o(.text) refers to fpclassify.o(i.__ARM_fpclassify) for __ARM_fpclassify
    _printf_fp_dec.o(.text) refers to _printf_fp_infnan.o(.text) for _printf_fp_infnan
    _printf_fp_dec.o(.text) refers (Weak) to _printf_pad.o(.text) for _printf_pre_padding
    _printf_fp_dec.o(.text) refers (Weak) to _printf_pad.o(.text) for _printf_pre_padding
    _printf_fp_dec.o(.text) refers to rt_locale_intlibspace.o(.text) for __rt_locale
    _printf_fp_dec.o(.text) refers (Weak) to _printf_pad.o(.text) for _printf_post_padding
    _printf_char_common.o(.text) refers to __printf_wp.o(.text) for __printf
    strtol.o(.text) refers to rt_ctype_table.o(.text) for __rt_ctype_table
    strtol.o(.text) refers to _strtoul.o(.text) for _strtoul
    strtol.o(.text) refers to rt_errno_addr_intlibspace.o(.text) for __aeabi_errno_addr
    dretinf.o(x$fpl$dretinf) refers (Special) to usenofp.o(x$fpl$usenofp) for __I$use$fp
    fnaninf.o(x$fpl$fnaninf) refers (Special) to usenofp.o(x$fpl$usenofp) for __I$use$fp
    libspace.o(.text) refers to libspace.o(.bss) for __libspace_start
    rtentry2.o(.ARM.Collect$$rtentry$$00000008) refers to boardinit2.o(.text) for _platform_post_stackheap_init
    rtentry2.o(.ARM.Collect$$rtentry$$0000000A) refers to libinit.o(.ARM.Collect$$libinit$$00000000) for __rt_lib_init
    rtentry2.o(.ARM.Collect$$rtentry$$0000000B) refers to boardinit3.o(.text) for _platform_post_lib_init
    rtentry2.o(.ARM.Collect$$rtentry$$0000000D) refers to main.o(.text) for main
    rtentry2.o(.ARM.Collect$$rtentry$$0000000D) refers to exit.o(.text) for exit
    rtentry2.o(.ARM.exidx) refers to rtentry2.o(.ARM.Collect$$rtentry$$00000001) for .ARM.Collect$$rtentry$$00000001
    rtentry2.o(.ARM.exidx) refers to rtentry2.o(.ARM.Collect$$rtentry$$00000008) for .ARM.Collect$$rtentry$$00000008
    rtentry2.o(.ARM.exidx) refers to rtentry2.o(.ARM.Collect$$rtentry$$0000000A) for .ARM.Collect$$rtentry$$0000000A
    rtentry2.o(.ARM.exidx) refers to rtentry2.o(.ARM.Collect$$rtentry$$0000000B) for .ARM.Collect$$rtentry$$0000000B
    rtentry2.o(.ARM.exidx) refers to rtentry2.o(.ARM.Collect$$rtentry$$0000000D) for .ARM.Collect$$rtentry$$0000000D
    rtentry4.o(.ARM.Collect$$rtentry$$00000004) refers to sys_stackheap_outer.o(.text) for __user_setup_stackheap
    rtentry4.o(.ARM.exidx) refers to rtentry4.o(.ARM.Collect$$rtentry$$00000004) for .ARM.Collect$$rtentry$$00000004
    rt_ctype_table.o(.text) refers to rt_locale_intlibspace.o(.text) for __rt_locale
    rt_ctype_table.o(.text) refers to lc_ctype_c.o(locale$$code) for _get_lc_ctype
    rt_locale.o(.text) refers to rt_locale.o(.bss) for __rt_locale_data
    rt_locale_intlibspace.o(.text) refers to libspace.o(.bss) for __libspace_start
    _printf_fp_infnan.o(.text) refers (Weak) to _printf_pad.o(.text) for _printf_pre_padding
    _printf_fp_infnan.o(.text) refers (Weak) to _printf_pad.o(.text) for _printf_post_padding
    _strtoul.o(.text) refers to _chval.o(.text) for _chval
    _strtoul.o(.text) refers to rt_errno_addr_intlibspace.o(.text) for __aeabi_errno_addr
    bigflt0.o(.text) refers (Special) to usenofp.o(x$fpl$usenofp) for __I$use$fp
    bigflt0.o(.text) refers to btod.o(CL$$btod_emul) for _btod_emul
    bigflt0.o(.text) refers to btod.o(CL$$btod_ediv) for _btod_ediv
    bigflt0.o(.text) refers to bigflt0.o(.constdata) for .constdata
    bigflt0.o(.constdata) refers (Special) to usenofp.o(x$fpl$usenofp) for __I$use$fp
    btod.o(CL$$btod_d2e) refers (Special) to usenofp.o(x$fpl$usenofp) for __I$use$fp
    btod.o(CL$$btod_d2e) refers to btod.o(CL$$btod_d2e_norm_op1) for _d2e_norm_op1
    btod.o(CL$$btod_d2e_norm_op1) refers (Special) to usenofp.o(x$fpl$usenofp) for __I$use$fp
    btod.o(CL$$btod_d2e_norm_op1) refers to btod.o(CL$$btod_d2e_denorm_low) for _d2e_denorm_low
    btod.o(CL$$btod_d2e_denorm_low) refers (Special) to usenofp.o(x$fpl$usenofp) for __I$use$fp
    btod.o(CL$$btod_emul) refers (Special) to usenofp.o(x$fpl$usenofp) for __I$use$fp
    btod.o(CL$$btod_emul) refers to btod.o(CL$$btod_mult_common) for __btod_mult_common
    btod.o(CL$$btod_emul) refers to btod.o(CL$$btod_e2e) for _e2e
    btod.o(CL$$btod_ediv) refers (Special) to usenofp.o(x$fpl$usenofp) for __I$use$fp
    btod.o(CL$$btod_ediv) refers to btod.o(CL$$btod_div_common) for __btod_div_common
    btod.o(CL$$btod_ediv) refers to btod.o(CL$$btod_e2e) for _e2e
    btod.o(CL$$btod_emuld) refers (Special) to usenofp.o(x$fpl$usenofp) for __I$use$fp
    btod.o(CL$$btod_emuld) refers to btod.o(CL$$btod_mult_common) for __btod_mult_common
    btod.o(CL$$btod_emuld) refers to btod.o(CL$$btod_e2d) for _e2d
    btod.o(CL$$btod_edivd) refers (Special) to usenofp.o(x$fpl$usenofp) for __I$use$fp
    btod.o(CL$$btod_edivd) refers to btod.o(CL$$btod_div_common) for __btod_div_common
    btod.o(CL$$btod_edivd) refers to btod.o(CL$$btod_e2d) for _e2d
    btod.o(CL$$btod_e2e) refers (Special) to usenofp.o(x$fpl$usenofp) for __I$use$fp
    btod.o(CL$$btod_e2d) refers (Special) to usenofp.o(x$fpl$usenofp) for __I$use$fp
    btod.o(CL$$btod_e2d) refers to btod.o(CL$$btod_e2e) for _e2e
    btod.o(CL$$btod_mult_common) refers (Special) to usenofp.o(x$fpl$usenofp) for __I$use$fp
    btod.o(CL$$btod_div_common) refers (Special) to usenofp.o(x$fpl$usenofp) for __I$use$fp
    lc_numeric_c.o(locale$$data) refers (Special) to libinit2.o(.ARM.Collect$$libinit$$00000014) for __rt_lib_init_lc_numeric_2
    lc_numeric_c.o(locale$$code) refers (Special) to libinit2.o(.ARM.Collect$$libinit$$00000014) for __rt_lib_init_lc_numeric_2
    lc_numeric_c.o(locale$$code) refers to strcmpv7m.o(.text) for strcmp
    lc_numeric_c.o(locale$$code) refers to lc_numeric_c.o(locale$$data) for __lcnum_c_name
    istatus.o(x$fpl$ieeestatus) refers (Special) to usenofp.o(x$fpl$usenofp) for __I$use$fp
    fpclassify.o(i.__ARM_fpclassify) refers (Special) to usenofp.o(x$fpl$usenofp) for __I$use$fp
    sys_stackheap_outer.o(.text) refers to libspace.o(.text) for __user_perproc_libspace
    sys_stackheap_outer.o(.text) refers to startup_tm4c123.o(.text) for __user_initial_stackheap
    lc_ctype_c.o(locale$$data) refers (Special) to libinit2.o(.ARM.Collect$$libinit$$00000010) for __rt_lib_init_lc_ctype_2
    lc_ctype_c.o(locale$$code) refers (Special) to libinit2.o(.ARM.Collect$$libinit$$00000010) for __rt_lib_init_lc_ctype_2
    lc_ctype_c.o(locale$$code) refers to strcmpv7m.o(.text) for strcmp
    lc_ctype_c.o(locale$$code) refers to lc_ctype_c.o(locale$$data) for __lcctype_c_name
    exit.o(.text) refers to rtexit.o(.ARM.Collect$$rtexit$$00000000) for __rt_exit
    libinit.o(.ARM.Collect$$libinit$$00000000) refers (Special) to libinit2.o(.ARM.Collect$$libinit$$0000002C) for __rt_lib_init_alloca_1
    libinit.o(.ARM.Collect$$libinit$$00000000) refers (Special) to libinit2.o(.ARM.Collect$$libinit$$0000002A) for __rt_lib_init_argv_1
    libinit.o(.ARM.Collect$$libinit$$00000000) refers (Special) to libinit2.o(.ARM.Collect$$libinit$$00000019) for __rt_lib_init_atexit_1
    libinit.o(.ARM.Collect$$libinit$$00000000) refers (Special) to libinit2.o(.ARM.Collect$$libinit$$0000001F) for __rt_lib_init_clock_1
    libinit.o(.ARM.Collect$$libinit$$00000000) refers (Special) to libinit2.o(.ARM.Collect$$libinit$$00000030) for __rt_lib_init_cpp_1
    libinit.o(.ARM.Collect$$libinit$$00000000) refers (Special) to libinit2.o(.ARM.Collect$$libinit$$0000002E) for __rt_lib_init_exceptions_1
    libinit.o(.ARM.Collect$$libinit$$00000000) refers (Special) to libinit2.o(.ARM.Collect$$libinit$$00000001) for __rt_lib_init_fp_1
    libinit.o(.ARM.Collect$$libinit$$00000000) refers (Special) to libinit2.o(.ARM.Collect$$libinit$$0000001D) for __rt_lib_init_fp_trap_1
    libinit.o(.ARM.Collect$$libinit$$00000000) refers (Special) to libinit2.o(.ARM.Collect$$libinit$$00000021) for __rt_lib_init_getenv_1
    libinit.o(.ARM.Collect$$libinit$$00000000) refers (Special) to libinit2.o(.ARM.Collect$$libinit$$00000008) for __rt_lib_init_heap_1
    libinit.o(.ARM.Collect$$libinit$$00000000) refers (Special) to libinit2.o(.ARM.Collect$$libinit$$0000000F) for __rt_lib_init_lc_collate_1
    libinit.o(.ARM.Collect$$libinit$$00000000) refers (Special) to libinit2.o(.ARM.Collect$$libinit$$00000011) for __rt_lib_init_lc_ctype_1
    libinit.o(.ARM.Collect$$libinit$$00000000) refers (Special) to libinit2.o(.ARM.Collect$$libinit$$00000013) for __rt_lib_init_lc_monetary_1
    libinit.o(.ARM.Collect$$libinit$$00000000) refers (Special) to libinit2.o(.ARM.Collect$$libinit$$00000015) for __rt_lib_init_lc_numeric_1
    libinit.o(.ARM.Collect$$libinit$$00000000) refers (Special) to libinit2.o(.ARM.Collect$$libinit$$00000017) for __rt_lib_init_lc_time_1
    libinit.o(.ARM.Collect$$libinit$$00000000) refers (Special) to libinit2.o(.ARM.Collect$$libinit$$0000000C) for __rt_lib_init_rand_1
    libinit.o(.ARM.Collect$$libinit$$00000000) refers (Special) to libinit2.o(.ARM.Collect$$libinit$$00000031) for __rt_lib_init_return
    libinit.o(.ARM.Collect$$libinit$$00000000) refers (Special) to libinit2.o(.ARM.Collect$$libinit$$0000001B) for __rt_lib_init_signal_1
    libinit.o(.ARM.Collect$$libinit$$00000000) refers (Special) to libinit2.o(.ARM.Collect$$libinit$$00000023) for __rt_lib_init_stdio_1
    libinit.o(.ARM.Collect$$libinit$$00000000) refers (Special) to libinit2.o(.ARM.Collect$$libinit$$0000000A) for __rt_lib_init_user_alloc_1
    libinit2.o(.ARM.Collect$$libinit$$00000001) refers to fpinit.o(x$fpl$fpinit) for _fp_init
    libinit2.o(.ARM.Collect$$libinit$$0000000D) refers (Weak) to rt_locale_intlibspace.o(.text) for __rt_locale
    libinit2.o(.ARM.Collect$$libinit$$0000000E) refers to libinit2.o(.ARM.Collect$$libinit$$0000000D) for .ARM.Collect$$libinit$$0000000D
    libinit2.o(.ARM.Collect$$libinit$$00000010) refers to libinit2.o(.ARM.Collect$$libinit$$0000000D) for .ARM.Collect$$libinit$$0000000D
    libinit2.o(.ARM.Collect$$libinit$$00000010) refers (Weak) to lc_ctype_c.o(locale$$code) for _get_lc_ctype
    libinit2.o(.ARM.Collect$$libinit$$00000012) refers to libinit2.o(.ARM.Collect$$libinit$$0000000D) for .ARM.Collect$$libinit$$0000000D
    libinit2.o(.ARM.Collect$$libinit$$00000014) refers to libinit2.o(.ARM.Collect$$libinit$$0000000D) for .ARM.Collect$$libinit$$0000000D
    libinit2.o(.ARM.Collect$$libinit$$00000014) refers (Weak) to lc_numeric_c.o(locale$$code) for _get_lc_numeric
    libinit2.o(.ARM.Collect$$libinit$$00000016) refers to libinit2.o(.ARM.Collect$$libinit$$0000000D) for .ARM.Collect$$libinit$$0000000D
    libinit2.o(.ARM.Collect$$libinit$$00000024) refers to argv_veneer.o(.emb_text) for __ARM_argv_veneer
    libinit2.o(.ARM.Collect$$libinit$$00000025) refers to argv_veneer.o(.emb_text) for __ARM_argv_veneer
    rtexit.o(.ARM.Collect$$rtexit$$00000000) refers (Special) to rtexit2.o(.ARM.Collect$$rtexit$$00000004) for __rt_exit_exit
    rtexit.o(.ARM.Collect$$rtexit$$00000000) refers (Special) to rtexit2.o(.ARM.Collect$$rtexit$$00000003) for __rt_exit_ls
    rtexit.o(.ARM.Collect$$rtexit$$00000000) refers (Special) to rtexit2.o(.ARM.Collect$$rtexit$$00000002) for __rt_exit_prels_1
    rtexit.o(.ARM.exidx) refers (Special) to rtexit2.o(.ARM.Collect$$rtexit$$00000004) for __rt_exit_exit
    rtexit.o(.ARM.exidx) refers (Special) to rtexit2.o(.ARM.Collect$$rtexit$$00000003) for __rt_exit_ls
    rtexit.o(.ARM.exidx) refers (Special) to rtexit2.o(.ARM.Collect$$rtexit$$00000002) for __rt_exit_prels_1
    rtexit.o(.ARM.exidx) refers to rtexit.o(.ARM.Collect$$rtexit$$00000000) for .ARM.Collect$$rtexit$$00000000
    argv_veneer.o(.emb_text) refers to no_argv.o(.text) for __ARM_get_argv
    rtexit2.o(.ARM.Collect$$rtexit$$00000003) refers to libshutdown.o(.ARM.Collect$$libshutdown$$00000000) for __rt_lib_shutdown
    rtexit2.o(.ARM.Collect$$rtexit$$00000004) refers to sys_exit.o(.text) for _sys_exit
    rtexit2.o(.ARM.exidx) refers to rtexit2.o(.ARM.Collect$$rtexit$$00000001) for .ARM.Collect$$rtexit$$00000001
    rtexit2.o(.ARM.exidx) refers to rtexit2.o(.ARM.Collect$$rtexit$$00000003) for .ARM.Collect$$rtexit$$00000003
    rtexit2.o(.ARM.exidx) refers to rtexit2.o(.ARM.Collect$$rtexit$$00000004) for .ARM.Collect$$rtexit$$00000004
    _get_argv_nomalloc.o(.text) refers (Special) to hrguard.o(.text) for __heap_region$guard
    _get_argv_nomalloc.o(.text) refers to defsig_rtmem_outer.o(.text) for __rt_SIGRTMEM
    _get_argv_nomalloc.o(.text) refers to sys_command.o(.text) for _sys_command_string
    sys_command.o(.text) refers (Special) to use_no_semi.o(.text) for __I$use$semihosting
    sys_command.o(.text) refers (Special) to indicate_semi.o(.text) for __semihosting_library_function
    sys_exit.o(.text) refers (Special) to use_no_semi.o(.text) for __I$use$semihosting
    sys_exit.o(.text) refers (Special) to indicate_semi.o(.text) for __semihosting_library_function
    defsig_rtmem_outer.o(.text) refers to defsig_rtmem_inner.o(.text) for __rt_SIGRTMEM_inner
    defsig_rtmem_outer.o(.text) refers to defsig_exit.o(.text) for __sig_exit
    defsig_rtmem_formal.o(.text) refers to rt_raise.o(.text) for __rt_raise
    libshutdown.o(.ARM.Collect$$libshutdown$$00000000) refers (Special) to libshutdown2.o(.ARM.Collect$$libshutdown$$00000006) for __rt_lib_shutdown_fp_trap_1
    libshutdown.o(.ARM.Collect$$libshutdown$$00000000) refers (Special) to libshutdown2.o(.ARM.Collect$$libshutdown$$0000000E) for __rt_lib_shutdown_heap_1
    libshutdown.o(.ARM.Collect$$libshutdown$$00000000) refers (Special) to libshutdown2.o(.ARM.Collect$$libshutdown$$0000000F) for __rt_lib_shutdown_return
    libshutdown.o(.ARM.Collect$$libshutdown$$00000000) refers (Special) to libshutdown2.o(.ARM.Collect$$libshutdown$$00000009) for __rt_lib_shutdown_signal_1
    libshutdown.o(.ARM.Collect$$libshutdown$$00000000) refers (Special) to libshutdown2.o(.ARM.Collect$$libshutdown$$00000003) for __rt_lib_shutdown_stdio_1
    libshutdown.o(.ARM.Collect$$libshutdown$$00000000) refers (Special) to libshutdown2.o(.ARM.Collect$$libshutdown$$0000000B) for __rt_lib_shutdown_user_alloc_1
    rt_raise.o(.text) refers to __raise.o(.text) for __raise
    rt_raise.o(.text) refers to sys_exit.o(.text) for _sys_exit
    defsig_exit.o(.text) refers to sys_exit.o(.text) for _sys_exit
    defsig_rtmem_inner.o(.text) refers to defsig_general.o(.text) for __default_signal_display
    __raise.o(.text) refers to defsig.o(CL$$defsig) for __default_signal_handler
    defsig_general.o(.text) refers to sys_wrch.o(.text) for _ttywrch
    sys_wrch.o(.text) refers (Special) to use_no_semi.o(.text) for __I$use$semihosting
    sys_wrch.o(.text) refers (Special) to indicate_semi.o(.text) for __semihosting_library_function
    defsig.o(CL$$defsig) refers to defsig_rtmem_inner.o(.text) for __rt_SIGRTMEM_inner
    defsig_abrt_inner.o(.text) refers to defsig_general.o(.text) for __default_signal_display
    defsig_fpe_inner.o(.text) refers to defsig_general.o(.text) for __default_signal_display
    defsig_rtred_inner.o(.text) refers to defsig_general.o(.text) for __default_signal_display
    defsig_stak_inner.o(.text) refers to defsig_general.o(.text) for __default_signal_display
    defsig_pvfn_inner.o(.text) refers to defsig_general.o(.text) for __default_signal_display
    defsig_cppl_inner.o(.text) refers to defsig_general.o(.text) for __default_signal_display
    defsig_segv_inner.o(.text) refers to defsig_general.o(.text) for __default_signal_display
    defsig_other.o(.text) refers to defsig_general.o(.text) for __default_signal_display


==============================================================================

Image Symbol Table

    Local Symbols

    Symbol Name                              Value     Ov Type        Size  Object(Section)

    RESET                                    0x00000000   Section      620  startup_tm4c123.o(RESET)
    ../clib/angel/boardlib.s                 0x00000000   Number         0  boardinit3.o ABSOLUTE
    ../clib/angel/boardlib.s                 0x00000000   Number         0  boardshut.o ABSOLUTE
    ../clib/angel/boardlib.s                 0x00000000   Number         0  boardinit1.o ABSOLUTE
    ../clib/angel/boardlib.s                 0x00000000   Number         0  boardinit2.o ABSOLUTE
    ../clib/angel/handlers.s                 0x00000000   Number         0  __scatter_zi.o ABSOLUTE
    ../clib/angel/kernel.s                   0x00000000   Number         0  rtentry2.o ABSOLUTE
    ../clib/angel/kernel.s                   0x00000000   Number         0  rtexit2.o ABSOLUTE
    ../clib/angel/kernel.s                   0x00000000   Number         0  rtentry4.o ABSOLUTE
    ../clib/angel/kernel.s                   0x00000000   Number         0  rtexit.o ABSOLUTE
    ../clib/angel/kernel.s                   0x00000000   Number         0  rtentry.o ABSOLUTE
    ../clib/angel/rt.s                       0x00000000   Number         0  rt_errno_addr.o ABSOLUTE
    ../clib/angel/rt.s                       0x00000000   Number         0  rt_locale.o ABSOLUTE
    ../clib/angel/rt.s                       0x00000000   Number         0  rt_locale_intlibspace.o ABSOLUTE
    ../clib/angel/rt.s                       0x00000000   Number         0  rt_raise.o ABSOLUTE
    ../clib/angel/rt.s                       0x00000000   Number         0  rt_ctype_table.o ABSOLUTE
    ../clib/angel/rt.s                       0x00000000   Number         0  rt_errno_addr_intlibspace.o ABSOLUTE
    ../clib/angel/scatter.s                  0x00000000   Number         0  __scatter.o ABSOLUTE
    ../clib/angel/startup.s                  0x00000000   Number         0  __main.o ABSOLUTE
    ../clib/angel/sys.s                      0x00000000   Number         0  libspace.o ABSOLUTE
    ../clib/angel/sys.s                      0x00000000   Number         0  use_no_semi.o ABSOLUTE
    ../clib/angel/sys.s                      0x00000000   Number         0  indicate_semi.o ABSOLUTE
    ../clib/angel/sys.s                      0x00000000   Number         0  sys_stackheap_outer.o ABSOLUTE
    ../clib/angel/sysapp.c                   0x00000000   Number         0  sys_command.o ABSOLUTE
    ../clib/angel/sysapp.c                   0x00000000   Number         0  sys_wrch.o ABSOLUTE
    ../clib/angel/sysapp.c                   0x00000000   Number         0  sys_exit.o ABSOLUTE
    ../clib/armsys.c                         0x00000000   Number         0  no_argv.o ABSOLUTE
    ../clib/armsys.c                         0x00000000   Number         0  _get_argv_nomalloc.o ABSOLUTE
    ../clib/armsys.c                         0x00000000   Number         0  argv_veneer.o ABSOLUTE
    ../clib/armsys.c                         0x00000000   Number         0  argv_veneer.o ABSOLUTE
    ../clib/bigflt.c                         0x00000000   Number         0  bigflt0.o ABSOLUTE
    ../clib/btod.s                           0x00000000   Number         0  btod.o ABSOLUTE
    ../clib/heapalloc.c                      0x00000000   Number         0  hrguard.o ABSOLUTE
    ../clib/heapaux.c                        0x00000000   Number         0  heapauxi.o ABSOLUTE
    ../clib/libinit.s                        0x00000000   Number         0  libshutdown2.o ABSOLUTE
    ../clib/libinit.s                        0x00000000   Number         0  libinit.o ABSOLUTE
    ../clib/libinit.s                        0x00000000   Number         0  libshutdown.o ABSOLUTE
    ../clib/libinit.s                        0x00000000   Number         0  libinit2.o ABSOLUTE
    ../clib/locale.s                         0x00000000   Number         0  lc_numeric_c.o ABSOLUTE
    ../clib/locale.s                         0x00000000   Number         0  lc_ctype_c.o ABSOLUTE
    ../clib/longlong.s                       0x00000000   Number         0  lludiv10.o ABSOLUTE
    ../clib/memcpset.s                       0x00000000   Number         0  strcmpv7m.o ABSOLUTE
    ../clib/misc.s                           0x00000000   Number         0  printf_stubs.o ABSOLUTE
    ../clib/printf.c                         0x00000000   Number         0  __printf_ss_wp.o ABSOLUTE
    ../clib/printf.c                         0x00000000   Number         0  __printf_flags_ss_wp.o ABSOLUTE
    ../clib/printf.c                         0x00000000   Number         0  __printf_wp.o ABSOLUTE
    ../clib/printf.c                         0x00000000   Number         0  __printf_flags_wp.o ABSOLUTE
    ../clib/printf.c                         0x00000000   Number         0  __printf_flags_ss.o ABSOLUTE
    ../clib/printf.c                         0x00000000   Number         0  __printf_ss.o ABSOLUTE
    ../clib/printf.c                         0x00000000   Number         0  __printf_flags.o ABSOLUTE
    ../clib/printf.c                         0x00000000   Number         0  __printf_nopercent.o ABSOLUTE
    ../clib/printf.c                         0x00000000   Number         0  _printf_pad.o ABSOLUTE
    ../clib/printf.c                         0x00000000   Number         0  _printf_intcommon.o ABSOLUTE
    ../clib/printf.c                         0x00000000   Number         0  _printf_fp_dec.o ABSOLUTE
    ../clib/printf.c                         0x00000000   Number         0  __printf.o ABSOLUTE
    ../clib/printf.c                         0x00000000   Number         0  _printf_char_common.o ABSOLUTE
    ../clib/printf.c                         0x00000000   Number         0  noretval__2sprintf.o ABSOLUTE
    ../clib/printf.c                         0x00000000   Number         0  _sputc.o ABSOLUTE
    ../clib/printf.c                         0x00000000   Number         0  _printf_dec.o ABSOLUTE
    ../clib/printf.c                         0x00000000   Number         0  __2sprintf.o ABSOLUTE
    ../clib/printf.c                         0x00000000   Number         0  _printf_fp_infnan.o ABSOLUTE
    ../clib/printf_percent.s                 0x00000000   Number         0  _printf_d.o ABSOLUTE
    ../clib/printf_percent.s                 0x00000000   Number         0  _printf_f.o ABSOLUTE
    ../clib/printf_percent.s                 0x00000000   Number         0  _printf_percent.o ABSOLUTE
    ../clib/printf_percent.s                 0x00000000   Number         0  _printf_percent_end.o ABSOLUTE
    ../clib/scanf.c                          0x00000000   Number         0  strtol.o ABSOLUTE
    ../clib/scanf.c                          0x00000000   Number         0  _strtoul.o ABSOLUTE
    ../clib/scanf.c                          0x00000000   Number         0  atoi.o ABSOLUTE
    ../clib/scanf.c                          0x00000000   Number         0  _chval.o ABSOLUTE
    ../clib/signal.c                         0x00000000   Number         0  defsig_cppl_inner.o ABSOLUTE
    ../clib/signal.c                         0x00000000   Number         0  defsig_fpe_inner.o ABSOLUTE
    ../clib/signal.c                         0x00000000   Number         0  defsig_other.o ABSOLUTE
    ../clib/signal.c                         0x00000000   Number         0  defsig_rtmem_inner.o ABSOLUTE
    ../clib/signal.c                         0x00000000   Number         0  defsig_exit.o ABSOLUTE
    ../clib/signal.c                         0x00000000   Number         0  defsig_abrt_inner.o ABSOLUTE
    ../clib/signal.c                         0x00000000   Number         0  defsig_pvfn_inner.o ABSOLUTE
    ../clib/signal.c                         0x00000000   Number         0  defsig_stak_inner.o ABSOLUTE
    ../clib/signal.c                         0x00000000   Number         0  defsig_segv_inner.o ABSOLUTE
    ../clib/signal.c                         0x00000000   Number         0  defsig_general.o ABSOLUTE
    ../clib/signal.c                         0x00000000   Number         0  defsig_rtmem_formal.o ABSOLUTE
    ../clib/signal.c                         0x00000000   Number         0  defsig_rtmem_outer.o ABSOLUTE
    ../clib/signal.c                         0x00000000   Number         0  defsig_rtred_inner.o ABSOLUTE
    ../clib/signal.c                         0x00000000   Number         0  __raise.o ABSOLUTE
    ../clib/signal.s                         0x00000000   Number         0  defsig.o ABSOLUTE
    ../clib/stdlib.c                         0x00000000   Number         0  exit.o ABSOLUTE
    ../fplib/dretinf.s                       0x00000000   Number         0  dretinf.o ABSOLUTE
    ../fplib/f2d.s                           0x00000000   Number         0  f2d.o ABSOLUTE
    ../fplib/fnaninf.s                       0x00000000   Number         0  fnaninf.o ABSOLUTE
    ../fplib/fpinit.s                        0x00000000   Number         0  fpinit.o ABSOLUTE
    ../fplib/istatus.s                       0x00000000   Number         0  istatus.o ABSOLUTE
    ../fplib/printf1.s                       0x00000000   Number         0  printf1.o ABSOLUTE
    ../fplib/usenofp.s                       0x00000000   Number         0  usenofp.o ABSOLUTE
    ../mathlib/fpclassify.c                  0x00000000   Number         0  fpclassify.o ABSOLUTE
    Delay.c                                  0x00000000   Number         0  delay.o ABSOLUTE
    Documentation.c                          0x00000000   Number         0  documentation.o ABSOLUTE
    dc.s                                     0x00000000   Number         0  dc.o ABSOLUTE
    initialization.c                         0x00000000   Number         0  initialization.o ABSOLUTE
    main.c                                   0x00000000   Number         0  main.o ABSOLUTE
    startup_TM4C123.s                        0x00000000   Number         0  startup_tm4c123.o ABSOLUTE
    !!!main                                  0x0000026c   Section        8  __main.o(!!!main)
    !!!scatter                               0x00000274   Section       52  __scatter.o(!!!scatter)
    !!handler_zi                             0x000002a8   Section       28  __scatter_zi.o(!!handler_zi)
    .ARM.Collect$$_printf_percent$$00000000  0x000002c4   Section        0  _printf_percent.o(.ARM.Collect$$_printf_percent$$00000000)
    .ARM.Collect$$_printf_percent$$00000003  0x000002c4   Section        6  _printf_f.o(.ARM.Collect$$_printf_percent$$00000003)
    .ARM.Collect$$_printf_percent$$00000009  0x000002ca   Section        6  _printf_d.o(.ARM.Collect$$_printf_percent$$00000009)
    .ARM.Collect$$_printf_percent$$00000017  0x000002d0   Section        4  _printf_percent_end.o(.ARM.Collect$$_printf_percent$$00000017)
    .ARM.Collect$$libinit$$00000000          0x000002d4   Section        2  libinit.o(.ARM.Collect$$libinit$$00000000)
    .ARM.Collect$$libinit$$00000001          0x000002d6   Section        4  libinit2.o(.ARM.Collect$$libinit$$00000001)
    .ARM.Collect$$libinit$$00000008          0x000002da   Section        0  libinit2.o(.ARM.Collect$$libinit$$00000008)
    .ARM.Collect$$libinit$$0000000A          0x000002da   Section        0  libinit2.o(.ARM.Collect$$libinit$$0000000A)
    .ARM.Collect$$libinit$$0000000C          0x000002da   Section        0  libinit2.o(.ARM.Collect$$libinit$$0000000C)
    .ARM.Collect$$libinit$$0000000D          0x000002da   Section        6  libinit2.o(.ARM.Collect$$libinit$$0000000D)
    .ARM.Collect$$libinit$$0000000F          0x000002e0   Section        0  libinit2.o(.ARM.Collect$$libinit$$0000000F)
    .ARM.Collect$$libinit$$00000010          0x000002e0   Section       12  libinit2.o(.ARM.Collect$$libinit$$00000010)
    .ARM.Collect$$libinit$$00000011          0x000002ec   Section        0  libinit2.o(.ARM.Collect$$libinit$$00000011)
    .ARM.Collect$$libinit$$00000013          0x000002ec   Section        0  libinit2.o(.ARM.Collect$$libinit$$00000013)
    .ARM.Collect$$libinit$$00000014          0x000002ec   Section       10  libinit2.o(.ARM.Collect$$libinit$$00000014)
    .ARM.Collect$$libinit$$00000015          0x000002f6   Section        0  libinit2.o(.ARM.Collect$$libinit$$00000015)
    .ARM.Collect$$libinit$$00000017          0x000002f6   Section        0  libinit2.o(.ARM.Collect$$libinit$$00000017)
    .ARM.Collect$$libinit$$00000019          0x000002f6   Section        0  libinit2.o(.ARM.Collect$$libinit$$00000019)
    .ARM.Collect$$libinit$$0000001B          0x000002f6   Section        0  libinit2.o(.ARM.Collect$$libinit$$0000001B)
    .ARM.Collect$$libinit$$0000001D          0x000002f6   Section        0  libinit2.o(.ARM.Collect$$libinit$$0000001D)
    .ARM.Collect$$libinit$$0000001F          0x000002f6   Section        0  libinit2.o(.ARM.Collect$$libinit$$0000001F)
    .ARM.Collect$$libinit$$00000021          0x000002f6   Section        0  libinit2.o(.ARM.Collect$$libinit$$00000021)
    .ARM.Collect$$libinit$$00000023          0x000002f6   Section        0  libinit2.o(.ARM.Collect$$libinit$$00000023)
    .ARM.Collect$$libinit$$0000002A          0x000002f6   Section        0  libinit2.o(.ARM.Collect$$libinit$$0000002A)
    .ARM.Collect$$libinit$$0000002C          0x000002f6   Section        0  libinit2.o(.ARM.Collect$$libinit$$0000002C)
    .ARM.Collect$$libinit$$0000002E          0x000002f6   Section        0  libinit2.o(.ARM.Collect$$libinit$$0000002E)
    .ARM.Collect$$libinit$$00000030          0x000002f6   Section        0  libinit2.o(.ARM.Collect$$libinit$$00000030)
    .ARM.Collect$$libinit$$00000031          0x000002f6   Section        2  libinit2.o(.ARM.Collect$$libinit$$00000031)
    .ARM.Collect$$libshutdown$$00000000      0x000002f8   Section        2  libshutdown.o(.ARM.Collect$$libshutdown$$00000000)
    .ARM.Collect$$libshutdown$$00000003      0x000002fa   Section        0  libshutdown2.o(.ARM.Collect$$libshutdown$$00000003)
    .ARM.Collect$$libshutdown$$00000006      0x000002fa   Section        0  libshutdown2.o(.ARM.Collect$$libshutdown$$00000006)
    .ARM.Collect$$libshutdown$$00000009      0x000002fa   Section        0  libshutdown2.o(.ARM.Collect$$libshutdown$$00000009)
    .ARM.Collect$$libshutdown$$0000000B      0x000002fa   Section        0  libshutdown2.o(.ARM.Collect$$libshutdown$$0000000B)
    .ARM.Collect$$libshutdown$$0000000E      0x000002fa   Section        0  libshutdown2.o(.ARM.Collect$$libshutdown$$0000000E)
    .ARM.Collect$$libshutdown$$0000000F      0x000002fa   Section        2  libshutdown2.o(.ARM.Collect$$libshutdown$$0000000F)
    .ARM.Collect$$rtentry$$00000000          0x000002fc   Section        0  rtentry.o(.ARM.Collect$$rtentry$$00000000)
    .ARM.Collect$$rtentry$$00000002          0x000002fc   Section        0  rtentry2.o(.ARM.Collect$$rtentry$$00000002)
    .ARM.Collect$$rtentry$$00000004          0x000002fc   Section        6  rtentry4.o(.ARM.Collect$$rtentry$$00000004)
    .ARM.Collect$$rtentry$$00000009          0x00000302   Section        0  rtentry2.o(.ARM.Collect$$rtentry$$00000009)
    .ARM.Collect$$rtentry$$0000000A          0x00000302   Section        4  rtentry2.o(.ARM.Collect$$rtentry$$0000000A)
    .ARM.Collect$$rtentry$$0000000C          0x00000306   Section        0  rtentry2.o(.ARM.Collect$$rtentry$$0000000C)
    .ARM.Collect$$rtentry$$0000000D          0x00000306   Section        8  rtentry2.o(.ARM.Collect$$rtentry$$0000000D)
    .ARM.Collect$$rtexit$$00000000           0x0000030e   Section        2  rtexit.o(.ARM.Collect$$rtexit$$00000000)
    .ARM.Collect$$rtexit$$00000002           0x00000310   Section        0  rtexit2.o(.ARM.Collect$$rtexit$$00000002)
    .ARM.Collect$$rtexit$$00000003           0x00000310   Section        4  rtexit2.o(.ARM.Collect$$rtexit$$00000003)
    .ARM.Collect$$rtexit$$00000004           0x00000314   Section        6  rtexit2.o(.ARM.Collect$$rtexit$$00000004)
    .text                                    0x0000031c   Section      276  startup_tm4c123.o(.text)
    $v0                                      0x0000031c   Number         0  startup_tm4c123.o(.text)
    .text                                    0x00000430   Section        0  main.o(.text)
    .text                                    0x0000043c   Section        0  initialization.o(.text)
    .text                                    0x00000a0c   Section        0  delay.o(.text)
    .text                                    0x00000a3c   Section        0  noretval__2sprintf.o(.text)
    .text                                    0x00000a64   Section        0  _printf_pad.o(.text)
    .text                                    0x00000ab8   Section        0  _printf_dec.o(.text)
    .text                                    0x00000b30   Section        0  __printf_wp.o(.text)
    .text                                    0x00000c3e   Section        0  atoi.o(.text)
    .text                                    0x00000c58   Section        0  heapauxi.o(.text)
    .text                                    0x00000c60   Section        8  rt_errno_addr_intlibspace.o(.text)
    .text                                    0x00000c68   Section        0  _printf_intcommon.o(.text)
    .text                                    0x00000d20   Section        0  _printf_fp_dec.o(.text)
    _fp_digits                               0x00000d23   Thumb Code   426  _printf_fp_dec.o(.text)
    .text                                    0x00001140   Section        0  _printf_char_common.o(.text)
    _printf_input_char                       0x00001141   Thumb Code    10  _printf_char_common.o(.text)
    .text                                    0x00001170   Section        0  _sputc.o(.text)
    .text                                    0x0000117a   Section        0  strtol.o(.text)
    .text                                    0x000011ec   Section        8  libspace.o(.text)
    .text                                    0x000011f4   Section       16  rt_ctype_table.o(.text)
    .text                                    0x00001204   Section        8  rt_locale_intlibspace.o(.text)
    .text                                    0x0000120c   Section      138  lludiv10.o(.text)
    .text                                    0x00001298   Section        0  _printf_fp_infnan.o(.text)
    .text                                    0x00001318   Section        0  _strtoul.o(.text)
    .text                                    0x000013b8   Section        0  bigflt0.o(.text)
    .text                                    0x0000149c   Section       74  sys_stackheap_outer.o(.text)
    .text                                    0x000014e6   Section        0  _chval.o(.text)
    .text                                    0x00001502   Section        0  exit.o(.text)
    .text                                    0x00001510   Section      128  strcmpv7m.o(.text)
    .text                                    0x00001590   Section        0  sys_exit.o(.text)
    .text                                    0x0000159c   Section        2  use_no_semi.o(.text)
    .text                                    0x0000159e   Section        0  indicate_semi.o(.text)
    CL$$btod_d2e                             0x0000159e   Section       62  btod.o(CL$$btod_d2e)
    CL$$btod_d2e_denorm_low                  0x000015dc   Section       70  btod.o(CL$$btod_d2e_denorm_low)
    CL$$btod_d2e_norm_op1                    0x00001622   Section       96  btod.o(CL$$btod_d2e_norm_op1)
    CL$$btod_div_common                      0x00001682   Section      824  btod.o(CL$$btod_div_common)
    CL$$btod_e2e                             0x000019ba   Section      198  btod.o(CL$$btod_e2e)
    CL$$btod_ediv                            0x00001a80   Section       40  btod.o(CL$$btod_ediv)
    CL$$btod_emul                            0x00001aa8   Section       40  btod.o(CL$$btod_emul)
    CL$$btod_mult_common                     0x00001ad0   Section      580  btod.o(CL$$btod_mult_common)
    i.__ARM_fpclassify                       0x00001d14   Section        0  fpclassify.o(i.__ARM_fpclassify)
    i._is_digit                              0x00001d44   Section        0  __printf_wp.o(i._is_digit)
    locale$$code                             0x00001d54   Section       44  lc_numeric_c.o(locale$$code)
    locale$$code                             0x00001d80   Section       44  lc_ctype_c.o(locale$$code)
    x$fpl$dretinf                            0x00001dac   Section       12  dretinf.o(x$fpl$dretinf)
    $v0                                      0x00001dac   Number         0  dretinf.o(x$fpl$dretinf)
    x$fpl$f2d                                0x00001db8   Section       86  f2d.o(x$fpl$f2d)
    $v0                                      0x00001db8   Number         0  f2d.o(x$fpl$f2d)
    x$fpl$fnaninf                            0x00001e0e   Section      140  fnaninf.o(x$fpl$fnaninf)
    $v0                                      0x00001e0e   Number         0  fnaninf.o(x$fpl$fnaninf)
    x$fpl$fpinit                             0x00001e9a   Section       10  fpinit.o(x$fpl$fpinit)
    $v0                                      0x00001e9a   Number         0  fpinit.o(x$fpl$fpinit)
    x$fpl$printf1                            0x00001ea4   Section        4  printf1.o(x$fpl$printf1)
    $v0                                      0x00001ea4   Number         0  printf1.o(x$fpl$printf1)
    .constdata                               0x00001ea8   Section       16  initialization.o(.constdata)
    x$fpl$usenofp                            0x00001ea8   Section        0  usenofp.o(x$fpl$usenofp)
    .constdata                               0x00001eb8   Section      148  bigflt0.o(.constdata)
    tenpwrs_x                                0x00001eb8   Data          60  bigflt0.o(.constdata)
    tenpwrs_i                                0x00001ef4   Data          64  bigflt0.o(.constdata)
    locale$$data                             0x00001f5c   Section       28  lc_numeric_c.o(locale$$data)
    __lcnum_c_name                           0x00001f60   Data           2  lc_numeric_c.o(locale$$data)
    __lcnum_c_start                          0x00001f68   Data           0  lc_numeric_c.o(locale$$data)
    __lcnum_c_point                          0x00001f74   Data           0  lc_numeric_c.o(locale$$data)
    __lcnum_c_thousands                      0x00001f76   Data           0  lc_numeric_c.o(locale$$data)
    __lcnum_c_grouping                       0x00001f77   Data           0  lc_numeric_c.o(locale$$data)
    locale$$data                             0x00001f78   Section      272  lc_ctype_c.o(locale$$data)
    __lcnum_c_end                            0x00001f78   Data           0  lc_numeric_c.o(locale$$data)
    __lcctype_c_name                         0x00001f7c   Data           2  lc_ctype_c.o(locale$$data)
    __lcctype_c_start                        0x00001f84   Data           0  lc_ctype_c.o(locale$$data)
    __lcctype_c_end                          0x00002088   Data           0  lc_ctype_c.o(locale$$data)
    .bss                                     0x20000000   Section       96  libspace.o(.bss)
    HEAP                                     0x20000060   Section        0  startup_tm4c123.o(HEAP)
    STACK                                    0x20000060   Section      512  startup_tm4c123.o(STACK)
    Heap_Mem                                 0x20000060   Data           0  startup_tm4c123.o(HEAP)
    Stack_Mem                                0x20000060   Data         512  startup_tm4c123.o(STACK)
    __initial_sp                             0x20000260   Data           0  startup_tm4c123.o(STACK)

    Global Symbols

    Symbol Name                              Value     Ov Type        Size  Object(Section)

    BuildAttributes$$THM_ISAv4$E$P$D$K$B$S$7EM$VFPi3$EXTD16$VFPS$VFMA$PE$A:L22UL41UL21$X:L11$S22US41US21$IEEE1$IW$USESV6$~STKCKD$USESV7$~SHL$OTIME$ROPI$IEEEJ$EBA8$UX$STANDARDLIB$REQ8$PRES8$EABIv2 0x00000000   Number         0  anon$$obj.o ABSOLUTE
    __ARM_use_no_argv                        0x00000000   Number         0  main.o ABSOLUTE
    __Vectors                                0x00000000   Data           4  startup_tm4c123.o(RESET)
    _printf_flags                            0x00000000   Number         0  printf_stubs.o ABSOLUTE
    _printf_return_value                     0x00000000   Number         0  printf_stubs.o ABSOLUTE
    _printf_sizespec                         0x00000000   Number         0  printf_stubs.o ABSOLUTE
    _printf_widthprec                        0x00000000   Number         0  printf_stubs.o ABSOLUTE
    __ARM_exceptions_init                     - Undefined Weak Reference
    __alloca_initialize                       - Undefined Weak Reference
    __cpp_initialize__aeabi_                  - Undefined Weak Reference
    __cxa_finalize                            - Undefined Weak Reference
    __sigvec_lookup                           - Undefined Weak Reference
    _atexit_init                              - Undefined Weak Reference
    _call_atexit_fns                          - Undefined Weak Reference
    _clock_init                               - Undefined Weak Reference
    _fp_trap_init                             - Undefined Weak Reference
    _fp_trap_shutdown                         - Undefined Weak Reference
    _get_lc_collate                           - Undefined Weak Reference
    _get_lc_monetary                          - Undefined Weak Reference
    _get_lc_time                              - Undefined Weak Reference
    _getenv_init                              - Undefined Weak Reference
    _handle_redirection                       - Undefined Weak Reference
    _init_alloc                               - Undefined Weak Reference
    _init_user_alloc                          - Undefined Weak Reference
    _initio                                   - Undefined Weak Reference
    _printf_truncate_signed                   - Undefined Weak Reference
    _printf_truncate_unsigned                 - Undefined Weak Reference
    _rand_init                                - Undefined Weak Reference
    _signal_finish                            - Undefined Weak Reference
    _signal_init                              - Undefined Weak Reference
    _terminate_alloc                          - Undefined Weak Reference
    _terminate_user_alloc                     - Undefined Weak Reference
    _terminateio                              - Undefined Weak Reference
    __Vectors_End                            0x0000026c   Data           0  startup_tm4c123.o(RESET)
    __Vectors_Size                           0x0000026c   Number         0  startup_tm4c123.o ABSOLUTE
    __main                                   0x0000026d   Thumb Code     8  __main.o(!!!main)
    __scatterload                            0x00000275   Thumb Code     0  __scatter.o(!!!scatter)
    __scatterload_rt2                        0x00000275   Thumb Code    44  __scatter.o(!!!scatter)
    __scatterload_rt2_thumb_only             0x00000275   Thumb Code     0  __scatter.o(!!!scatter)
    __scatterload_null                       0x00000283   Thumb Code     0  __scatter.o(!!!scatter)
    __scatterload_zeroinit                   0x000002a9   Thumb Code    28  __scatter_zi.o(!!handler_zi)
    _printf_f                                0x000002c5   Thumb Code     0  _printf_f.o(.ARM.Collect$$_printf_percent$$00000003)
    _printf_percent                          0x000002c5   Thumb Code     0  _printf_percent.o(.ARM.Collect$$_printf_percent$$00000000)
    _printf_d                                0x000002cb   Thumb Code     0  _printf_d.o(.ARM.Collect$$_printf_percent$$00000009)
    _printf_percent_end                      0x000002d1   Thumb Code     0  _printf_percent_end.o(.ARM.Collect$$_printf_percent$$00000017)
    __rt_lib_init                            0x000002d5   Thumb Code     0  libinit.o(.ARM.Collect$$libinit$$00000000)
    __rt_lib_init_fp_1                       0x000002d7   Thumb Code     0  libinit2.o(.ARM.Collect$$libinit$$00000001)
    __rt_lib_init_heap_1                     0x000002db   Thumb Code     0  libinit2.o(.ARM.Collect$$libinit$$00000008)
    __rt_lib_init_lc_common                  0x000002db   Thumb Code     0  libinit2.o(.ARM.Collect$$libinit$$0000000D)
    __rt_lib_init_rand_1                     0x000002db   Thumb Code     0  libinit2.o(.ARM.Collect$$libinit$$0000000C)
    __rt_lib_init_user_alloc_1               0x000002db   Thumb Code     0  libinit2.o(.ARM.Collect$$libinit$$0000000A)
    __rt_lib_init_lc_collate_1               0x000002e1   Thumb Code     0  libinit2.o(.ARM.Collect$$libinit$$0000000F)
    __rt_lib_init_lc_ctype_2                 0x000002e1   Thumb Code     0  libinit2.o(.ARM.Collect$$libinit$$00000010)
    __rt_lib_init_lc_ctype_1                 0x000002ed   Thumb Code     0  libinit2.o(.ARM.Collect$$libinit$$00000011)
    __rt_lib_init_lc_monetary_1              0x000002ed   Thumb Code     0  libinit2.o(.ARM.Collect$$libinit$$00000013)
    __rt_lib_init_lc_numeric_2               0x000002ed   Thumb Code     0  libinit2.o(.ARM.Collect$$libinit$$00000014)
    __rt_lib_init_alloca_1                   0x000002f7   Thumb Code     0  libinit2.o(.ARM.Collect$$libinit$$0000002C)
    __rt_lib_init_argv_1                     0x000002f7   Thumb Code     0  libinit2.o(.ARM.Collect$$libinit$$0000002A)
    __rt_lib_init_atexit_1                   0x000002f7   Thumb Code     0  libinit2.o(.ARM.Collect$$libinit$$00000019)
    __rt_lib_init_clock_1                    0x000002f7   Thumb Code     0  libinit2.o(.ARM.Collect$$libinit$$0000001F)
    __rt_lib_init_cpp_1                      0x000002f7   Thumb Code     0  libinit2.o(.ARM.Collect$$libinit$$00000030)
    __rt_lib_init_exceptions_1               0x000002f7   Thumb Code     0  libinit2.o(.ARM.Collect$$libinit$$0000002E)
    __rt_lib_init_fp_trap_1                  0x000002f7   Thumb Code     0  libinit2.o(.ARM.Collect$$libinit$$0000001D)
    __rt_lib_init_getenv_1                   0x000002f7   Thumb Code     0  libinit2.o(.ARM.Collect$$libinit$$00000021)
    __rt_lib_init_lc_numeric_1               0x000002f7   Thumb Code     0  libinit2.o(.ARM.Collect$$libinit$$00000015)
    __rt_lib_init_lc_time_1                  0x000002f7   Thumb Code     0  libinit2.o(.ARM.Collect$$libinit$$00000017)
    __rt_lib_init_return                     0x000002f7   Thumb Code     0  libinit2.o(.ARM.Collect$$libinit$$00000031)
    __rt_lib_init_signal_1                   0x000002f7   Thumb Code     0  libinit2.o(.ARM.Collect$$libinit$$0000001B)
    __rt_lib_init_stdio_1                    0x000002f7   Thumb Code     0  libinit2.o(.ARM.Collect$$libinit$$00000023)
    __rt_lib_shutdown                        0x000002f9   Thumb Code     0  libshutdown.o(.ARM.Collect$$libshutdown$$00000000)
    __rt_lib_shutdown_fp_trap_1              0x000002fb   Thumb Code     0  libshutdown2.o(.ARM.Collect$$libshutdown$$00000006)
    __rt_lib_shutdown_heap_1                 0x000002fb   Thumb Code     0  libshutdown2.o(.ARM.Collect$$libshutdown$$0000000E)
    __rt_lib_shutdown_return                 0x000002fb   Thumb Code     0  libshutdown2.o(.ARM.Collect$$libshutdown$$0000000F)
    __rt_lib_shutdown_signal_1               0x000002fb   Thumb Code     0  libshutdown2.o(.ARM.Collect$$libshutdown$$00000009)
    __rt_lib_shutdown_stdio_1                0x000002fb   Thumb Code     0  libshutdown2.o(.ARM.Collect$$libshutdown$$00000003)
    __rt_lib_shutdown_user_alloc_1           0x000002fb   Thumb Code     0  libshutdown2.o(.ARM.Collect$$libshutdown$$0000000B)
    __rt_entry                               0x000002fd   Thumb Code     0  rtentry.o(.ARM.Collect$$rtentry$$00000000)
    __rt_entry_presh_1                       0x000002fd   Thumb Code     0  rtentry2.o(.ARM.Collect$$rtentry$$00000002)
    __rt_entry_sh                            0x000002fd   Thumb Code     0  rtentry4.o(.ARM.Collect$$rtentry$$00000004)
    __rt_entry_li                            0x00000303   Thumb Code     0  rtentry2.o(.ARM.Collect$$rtentry$$0000000A)
    __rt_entry_postsh_1                      0x00000303   Thumb Code     0  rtentry2.o(.ARM.Collect$$rtentry$$00000009)
    __rt_entry_main                          0x00000307   Thumb Code     0  rtentry2.o(.ARM.Collect$$rtentry$$0000000D)
    __rt_entry_postli_1                      0x00000307   Thumb Code     0  rtentry2.o(.ARM.Collect$$rtentry$$0000000C)
    __rt_exit                                0x0000030f   Thumb Code     0  rtexit.o(.ARM.Collect$$rtexit$$00000000)
    __rt_exit_ls                             0x00000311   Thumb Code     0  rtexit2.o(.ARM.Collect$$rtexit$$00000003)
    __rt_exit_prels_1                        0x00000311   Thumb Code     0  rtexit2.o(.ARM.Collect$$rtexit$$00000002)
    __rt_exit_exit                           0x00000315   Thumb Code     0  rtexit2.o(.ARM.Collect$$rtexit$$00000004)
    Reset_Handler                            0x0000031d   Thumb Code     8  startup_tm4c123.o(.text)
    NMI_Handler                              0x00000325   Thumb Code     2  startup_tm4c123.o(.text)
    HardFault_Handler                        0x00000327   Thumb Code     2  startup_tm4c123.o(.text)
    MemManage_Handler                        0x00000329   Thumb Code     2  startup_tm4c123.o(.text)
    BusFault_Handler                         0x0000032b   Thumb Code     2  startup_tm4c123.o(.text)
    UsageFault_Handler                       0x0000032d   Thumb Code     2  startup_tm4c123.o(.text)
    SVC_Handler                              0x0000032f   Thumb Code     2  startup_tm4c123.o(.text)
    DebugMon_Handler                         0x00000331   Thumb Code     2  startup_tm4c123.o(.text)
    PendSV_Handler                           0x00000333   Thumb Code     2  startup_tm4c123.o(.text)
    SysTick_Handler                          0x00000335   Thumb Code     2  startup_tm4c123.o(.text)
    GPIOA_Handler                            0x00000337   Thumb Code     2  startup_tm4c123.o(.text)
    GPIOB_Handler                            0x00000339   Thumb Code     2  startup_tm4c123.o(.text)
    GPIOC_Handler                            0x0000033b   Thumb Code     2  startup_tm4c123.o(.text)
    GPIOD_Handler                            0x0000033d   Thumb Code     2  startup_tm4c123.o(.text)
    GPIOE_Handler                            0x0000033f   Thumb Code     2  startup_tm4c123.o(.text)
    UART0_Handler                            0x00000341   Thumb Code     2  startup_tm4c123.o(.text)
    UART1_Handler                            0x00000343   Thumb Code     2  startup_tm4c123.o(.text)
    SSI0_Handler                             0x00000345   Thumb Code     2  startup_tm4c123.o(.text)
    I2C0_Handler                             0x00000347   Thumb Code     2  startup_tm4c123.o(.text)
    PMW0_FAULT_Handler                       0x00000349   Thumb Code     2  startup_tm4c123.o(.text)
    PWM0_0_Handler                           0x0000034b   Thumb Code     2  startup_tm4c123.o(.text)
    PWM0_1_Handler                           0x0000034d   Thumb Code     2  startup_tm4c123.o(.text)
    PWM0_2_Handler                           0x0000034f   Thumb Code     2  startup_tm4c123.o(.text)
    QEI0_Handler                             0x00000351   Thumb Code     2  startup_tm4c123.o(.text)
    ADC0SS0_Handler                          0x00000353   Thumb Code     2  startup_tm4c123.o(.text)
    ADC0SS1_Handler                          0x00000355   Thumb Code     2  startup_tm4c123.o(.text)
    ADC0SS2_Handler                          0x00000357   Thumb Code     2  startup_tm4c123.o(.text)
    ADC0SS3_Handler                          0x00000359   Thumb Code     2  startup_tm4c123.o(.text)
    WDT0_Handler                             0x0000035b   Thumb Code     2  startup_tm4c123.o(.text)
    TIMER0A_Handler                          0x0000035d   Thumb Code     2  startup_tm4c123.o(.text)
    TIMER0B_Handler                          0x0000035f   Thumb Code     2  startup_tm4c123.o(.text)
    TIMER1A_Handler                          0x00000361   Thumb Code     2  startup_tm4c123.o(.text)
    TIMER1B_Handler                          0x00000363   Thumb Code     2  startup_tm4c123.o(.text)
    TIMER2A_Handler                          0x00000365   Thumb Code     2  startup_tm4c123.o(.text)
    TIMER2B_Handler                          0x00000367   Thumb Code     2  startup_tm4c123.o(.text)
    COMP0_Handler                            0x00000369   Thumb Code     2  startup_tm4c123.o(.text)
    COMP1_Handler                            0x0000036b   Thumb Code     2  startup_tm4c123.o(.text)
    COMP2_Handler                            0x0000036d   Thumb Code     2  startup_tm4c123.o(.text)
    SYSCTL_Handler                           0x0000036f   Thumb Code     2  startup_tm4c123.o(.text)
    FLASH_Handler                            0x00000371   Thumb Code     2  startup_tm4c123.o(.text)
    GPIOF_Handler                            0x00000373   Thumb Code     2  startup_tm4c123.o(.text)
    GPIOG_Handler                            0x00000375   Thumb Code     2  startup_tm4c123.o(.text)
    GPIOH_Handler                            0x00000377   Thumb Code     2  startup_tm4c123.o(.text)
    UART2_Handler                            0x00000379   Thumb Code     2  startup_tm4c123.o(.text)
    SSI1_Handler                             0x0000037b   Thumb Code     2  startup_tm4c123.o(.text)
    TIMER3A_Handler                          0x0000037d   Thumb Code     2  startup_tm4c123.o(.text)
    TIMER3B_Handler                          0x0000037f   Thumb Code     2  startup_tm4c123.o(.text)
    I2C1_Handler                             0x00000381   Thumb Code     2  startup_tm4c123.o(.text)
    QEI1_Handler                             0x00000383   Thumb Code     2  startup_tm4c123.o(.text)
    CAN0_Handler                             0x00000385   Thumb Code     2  startup_tm4c123.o(.text)
    CAN1_Handler                             0x00000387   Thumb Code     2  startup_tm4c123.o(.text)
    CAN2_Handler                             0x00000389   Thumb Code     2  startup_tm4c123.o(.text)
    HIB_Handler                              0x0000038b   Thumb Code     2  startup_tm4c123.o(.text)
    USB0_Handler                             0x0000038d   Thumb Code     2  startup_tm4c123.o(.text)
    PWM0_3_Handler                           0x0000038f   Thumb Code     2  startup_tm4c123.o(.text)
    UDMA_Handler                             0x00000391   Thumb Code     2  startup_tm4c123.o(.text)
    UDMAERR_Handler                          0x00000393   Thumb Code     2  startup_tm4c123.o(.text)
    ADC1SS0_Handler                          0x00000395   Thumb Code     2  startup_tm4c123.o(.text)
    ADC1SS1_Handler                          0x00000397   Thumb Code     2  startup_tm4c123.o(.text)
    ADC1SS2_Handler                          0x00000399   Thumb Code     2  startup_tm4c123.o(.text)
    ADC1SS3_Handler                          0x0000039b   Thumb Code     2  startup_tm4c123.o(.text)
    GPIOJ_Handler                            0x0000039d   Thumb Code     2  startup_tm4c123.o(.text)
    GPIOK_Handler                            0x0000039f   Thumb Code     2  startup_tm4c123.o(.text)
    GPIOL_Handler                            0x000003a1   Thumb Code     2  startup_tm4c123.o(.text)
    SSI2_Handler                             0x000003a3   Thumb Code     2  startup_tm4c123.o(.text)
    SSI3_Handler                             0x000003a5   Thumb Code     2  startup_tm4c123.o(.text)
    UART3_Handler                            0x000003a7   Thumb Code     2  startup_tm4c123.o(.text)
    UART4_Handler                            0x000003a9   Thumb Code     2  startup_tm4c123.o(.text)
    UART5_Handler                            0x000003ab   Thumb Code     2  startup_tm4c123.o(.text)
    UART6_Handler                            0x000003ad   Thumb Code     2  startup_tm4c123.o(.text)
    UART7_Handler                            0x000003af   Thumb Code     2  startup_tm4c123.o(.text)
    I2C2_Handler                             0x000003b1   Thumb Code     2  startup_tm4c123.o(.text)
    I2C3_Handler                             0x000003b3   Thumb Code     2  startup_tm4c123.o(.text)
    TIMER4A_Handler                          0x000003b5   Thumb Code     2  startup_tm4c123.o(.text)
    TIMER4B_Handler                          0x000003b7   Thumb Code     2  startup_tm4c123.o(.text)
    TIMER5A_Handler                          0x000003b9   Thumb Code     2  startup_tm4c123.o(.text)
    TIMER5B_Handler                          0x000003bb   Thumb Code     2  startup_tm4c123.o(.text)
    WTIMER0A_Handler                         0x000003bd   Thumb Code     2  startup_tm4c123.o(.text)
    WTIMER0B_Handler                         0x000003bf   Thumb Code     2  startup_tm4c123.o(.text)
    WTIMER1A_Handler                         0x000003c1   Thumb Code     2  startup_tm4c123.o(.text)
    WTIMER1B_Handler                         0x000003c3   Thumb Code     2  startup_tm4c123.o(.text)
    WTIMER2A_Handler                         0x000003c5   Thumb Code     2  startup_tm4c123.o(.text)
    WTIMER2B_Handler                         0x000003c7   Thumb Code     2  startup_tm4c123.o(.text)
    WTIMER3A_Handler                         0x000003c9   Thumb Code     2  startup_tm4c123.o(.text)
    WTIMER3B_Handler                         0x000003cb   Thumb Code     2  startup_tm4c123.o(.text)
    WTIMER4A_Handler                         0x000003cd   Thumb Code     2  startup_tm4c123.o(.text)
    WTIMER4B_Handler                         0x000003cf   Thumb Code     2  startup_tm4c123.o(.text)
    WTIMER5A_Handler                         0x000003d1   Thumb Code     2  startup_tm4c123.o(.text)
    WTIMER5B_Handler                         0x000003d3   Thumb Code     2  startup_tm4c123.o(.text)
    FPU_Handler                              0x000003d5   Thumb Code     2  startup_tm4c123.o(.text)
    I2C4_Handler                             0x000003d7   Thumb Code     2  startup_tm4c123.o(.text)
    I2C5_Handler                             0x000003d9   Thumb Code     2  startup_tm4c123.o(.text)
    GPIOM_Handler                            0x000003db   Thumb Code     2  startup_tm4c123.o(.text)
    GPION_Handler                            0x000003dd   Thumb Code     2  startup_tm4c123.o(.text)
    QEI2_Handler                             0x000003df   Thumb Code     2  startup_tm4c123.o(.text)
    GPIOP0_Handler                           0x000003e1   Thumb Code     2  startup_tm4c123.o(.text)
    GPIOP1_Handler                           0x000003e3   Thumb Code     2  startup_tm4c123.o(.text)
    GPIOP2_Handler                           0x000003e5   Thumb Code     2  startup_tm4c123.o(.text)
    GPIOP3_Handler                           0x000003e7   Thumb Code     2  startup_tm4c123.o(.text)
    GPIOP4_Handler                           0x000003e9   Thumb Code     2  startup_tm4c123.o(.text)
    GPIOP5_Handler                           0x000003eb   Thumb Code     2  startup_tm4c123.o(.text)
    GPIOP6_Handler                           0x000003ed   Thumb Code     2  startup_tm4c123.o(.text)
    GPIOP7_Handler                           0x000003ef   Thumb Code     2  startup_tm4c123.o(.text)
    GPIOQ0_Handler                           0x000003f1   Thumb Code     2  startup_tm4c123.o(.text)
    GPIOQ1_Handler                           0x000003f3   Thumb Code     2  startup_tm4c123.o(.text)
    GPIOQ2_Handler                           0x000003f5   Thumb Code     2  startup_tm4c123.o(.text)
    GPIOQ3_Handler                           0x000003f7   Thumb Code     2  startup_tm4c123.o(.text)
    GPIOQ4_Handler                           0x000003f9   Thumb Code     2  startup_tm4c123.o(.text)
    GPIOQ5_Handler                           0x000003fb   Thumb Code     2  startup_tm4c123.o(.text)
    GPIOQ6_Handler                           0x000003fd   Thumb Code     2  startup_tm4c123.o(.text)
    GPIOQ7_Handler                           0x000003ff   Thumb Code     2  startup_tm4c123.o(.text)
    GPIOR_Handler                            0x00000401   Thumb Code     2  startup_tm4c123.o(.text)
    GPIOS_Handler                            0x00000403   Thumb Code     2  startup_tm4c123.o(.text)
    PMW1_0_Handler                           0x00000405   Thumb Code     2  startup_tm4c123.o(.text)
    PWM1_1_Handler                           0x00000407   Thumb Code     2  startup_tm4c123.o(.text)
    PWM1_2_Handler                           0x00000409   Thumb Code     2  startup_tm4c123.o(.text)
    PWM1_3_Handler                           0x0000040b   Thumb Code     2  startup_tm4c123.o(.text)
    PWM1_FAULT_Handler                       0x0000040d   Thumb Code     2  startup_tm4c123.o(.text)
    __user_initial_stackheap                 0x00000411   Thumb Code     0  startup_tm4c123.o(.text)
    SystemInit                               0x00000431   Thumb Code     2  main.o(.text)
    main                                     0x00000433   Thumb Code    10  main.o(.text)
    LCD_command                              0x0000043d   Thumb Code    60  initialization.o(.text)
    LCD_data                                 0x00000479   Thumb Code    48  initialization.o(.text)
    LCD_init                                 0x000004a9   Thumb Code   256  initialization.o(.text)
    ispressed                                0x000005a9   Thumb Code    28  initialization.o(.text)
    key_pressed                              0x000005c5   Thumb Code   336  initialization.o(.text)
    calc_fun                                 0x00000715   Thumb Code   746  initialization.o(.text)
    Delay_Us                                 0x00000a0d   Thumb Code    22  delay.o(.text)
    Delay_ms                                 0x00000a23   Thumb Code    26  delay.o(.text)
    __2sprintf                               0x00000a3d   Thumb Code    34  noretval__2sprintf.o(.text)
    _printf_pre_padding                      0x00000a65   Thumb Code    46  _printf_pad.o(.text)
    _printf_post_padding                     0x00000a93   Thumb Code    36  _printf_pad.o(.text)
    _printf_int_dec                          0x00000ab9   Thumb Code   102  _printf_dec.o(.text)
    __printf                                 0x00000b31   Thumb Code   270  __printf_wp.o(.text)
    atoi                                     0x00000c3f   Thumb Code    26  atoi.o(.text)
    __use_two_region_memory                  0x00000c59   Thumb Code     2  heapauxi.o(.text)
    __rt_heap_escrow$2region                 0x00000c5b   Thumb Code     2  heapauxi.o(.text)
    __rt_heap_expand$2region                 0x00000c5d   Thumb Code     2  heapauxi.o(.text)
    __aeabi_errno_addr                       0x00000c61   Thumb Code     8  rt_errno_addr_intlibspace.o(.text)
    __errno$intlibspace                      0x00000c61   Thumb Code     0  rt_errno_addr_intlibspace.o(.text)
    __rt_errno_addr$intlibspace              0x00000c61   Thumb Code     0  rt_errno_addr_intlibspace.o(.text)
    _printf_int_common                       0x00000c69   Thumb Code   184  _printf_intcommon.o(.text)
    __lib_sel_fp_printf                      0x00000d21   Thumb Code     2  _printf_fp_dec.o(.text)
    _printf_fp_dec_real                      0x00000ecd   Thumb Code   628  _printf_fp_dec.o(.text)
    _printf_char_common                      0x0000114b   Thumb Code    32  _printf_char_common.o(.text)
    _sputc                                   0x00001171   Thumb Code    10  _sputc.o(.text)
    strtol                                   0x0000117b   Thumb Code   112  strtol.o(.text)
    __user_libspace                          0x000011ed   Thumb Code     8  libspace.o(.text)
    __user_perproc_libspace                  0x000011ed   Thumb Code     0  libspace.o(.text)
    __user_perthread_libspace                0x000011ed   Thumb Code     0  libspace.o(.text)
    __rt_ctype_table                         0x000011f5   Thumb Code    16  rt_ctype_table.o(.text)
    __rt_locale                              0x00001205   Thumb Code     8  rt_locale_intlibspace.o(.text)
    _ll_udiv10                               0x0000120d   Thumb Code   138  lludiv10.o(.text)
    _printf_fp_infnan                        0x00001299   Thumb Code   112  _printf_fp_infnan.o(.text)
    _strtoul                                 0x00001319   Thumb Code   158  _strtoul.o(.text)
    _btod_etento                             0x000013b9   Thumb Code   222  bigflt0.o(.text)
    __user_setup_stackheap                   0x0000149d   Thumb Code    74  sys_stackheap_outer.o(.text)
    _chval                                   0x000014e7   Thumb Code    28  _chval.o(.text)
    exit                                     0x00001503   Thumb Code    12  exit.o(.text)
    strcmp                                   0x00001511   Thumb Code   128  strcmpv7m.o(.text)
    _sys_exit                                0x00001591   Thumb Code     8  sys_exit.o(.text)
    __I$use$semihosting                      0x0000159d   Thumb Code     0  use_no_semi.o(.text)
    __use_no_semihosting_swi                 0x0000159d   Thumb Code     2  use_no_semi.o(.text)
    __semihosting_library_function           0x0000159f   Thumb Code     0  indicate_semi.o(.text)
    _btod_d2e                                0x0000159f   Thumb Code    62  btod.o(CL$$btod_d2e)
    _d2e_denorm_low                          0x000015dd   Thumb Code    70  btod.o(CL$$btod_d2e_denorm_low)
    _d2e_norm_op1                            0x00001623   Thumb Code    96  btod.o(CL$$btod_d2e_norm_op1)
    __btod_div_common                        0x00001683   Thumb Code   696  btod.o(CL$$btod_div_common)
    _e2e                                     0x000019bb   Thumb Code   198  btod.o(CL$$btod_e2e)
    _btod_ediv                               0x00001a81   Thumb Code    40  btod.o(CL$$btod_ediv)
    _btod_emul                               0x00001aa9   Thumb Code    40  btod.o(CL$$btod_emul)
    __btod_mult_common                       0x00001ad1   Thumb Code   580  btod.o(CL$$btod_mult_common)
    __ARM_fpclassify                         0x00001d15   Thumb Code    48  fpclassify.o(i.__ARM_fpclassify)
    _is_digit                                0x00001d45   Thumb Code    14  __printf_wp.o(i._is_digit)
    _get_lc_numeric                          0x00001d55   Thumb Code    44  lc_numeric_c.o(locale$$code)
    _get_lc_ctype                            0x00001d81   Thumb Code    44  lc_ctype_c.o(locale$$code)
    __fpl_dretinf                            0x00001dad   Thumb Code    12  dretinf.o(x$fpl$dretinf)
    __aeabi_f2d                              0x00001db9   Thumb Code     0  f2d.o(x$fpl$f2d)
    _f2d                                     0x00001db9   Thumb Code    86  f2d.o(x$fpl$f2d)
    __fpl_fnaninf                            0x00001e0f   Thumb Code   140  fnaninf.o(x$fpl$fnaninf)
    _fp_init                                 0x00001e9b   Thumb Code    10  fpinit.o(x$fpl$fpinit)
    __fplib_config_fpu_vfp                   0x00001ea3   Thumb Code     0  fpinit.o(x$fpl$fpinit)
    __fplib_config_pureend_doubles           0x00001ea3   Thumb Code     0  fpinit.o(x$fpl$fpinit)
    _printf_fp_dec                           0x00001ea5   Thumb Code     4  printf1.o(x$fpl$printf1)
    __I$use$fp                               0x00001ea8   Number         0  usenofp.o(x$fpl$usenofp)
    Region$$Table$$Base                      0x00001f4c   Number         0  anon$$obj.o(Region$$Table)
    Region$$Table$$Limit                     0x00001f5c   Number         0  anon$$obj.o(Region$$Table)
    __ctype                                  0x00001f85   Data           0  lc_ctype_c.o(locale$$data)
    __libspace_start                         0x20000000   Data          96  libspace.o(.bss)
    __temporary_stack_top$libspace           0x20000060   Data           0  libspace.o(.bss)



==============================================================================

Memory Map of the image

  Image Entry point : 0x0000031d

  Load Region LR_1 (Base: 0x00000000, Size: 0x00002088, Max: 0xffffffff, ABSOLUTE)

    Execution Region ER_RO (Base: 0x00000000, Size: 0x00002088, Max: 0xffffffff, ABSOLUTE)

    Base Addr    Size         Type   Attr      Idx    E Section Name        Object

    0x00000000   0x0000026c   Data   RO            3    RESET               startup_tm4c123.o
    0x0000026c   0x00000008   Code   RO          114  * !!!main             c_w.l(__main.o)
    0x00000274   0x00000034   Code   RO          347    !!!scatter          c_w.l(__scatter.o)
    0x000002a8   0x0000001c   Code   RO          349    !!handler_zi        c_w.l(__scatter_zi.o)
    0x000002c4   0x00000000   Code   RO          109    .ARM.Collect$$_printf_percent$$00000000  c_w.l(_printf_percent.o)
    0x000002c4   0x00000006   Code   RO          108    .ARM.Collect$$_printf_percent$$00000003  c_w.l(_printf_f.o)
    0x000002ca   0x00000006   Code   RO          107    .ARM.Collect$$_printf_percent$$00000009  c_w.l(_printf_d.o)
    0x000002d0   0x00000004   Code   RO          134    .ARM.Collect$$_printf_percent$$00000017  c_w.l(_printf_percent_end.o)
    0x000002d4   0x00000002   Code   RO          223    .ARM.Collect$$libinit$$00000000  c_w.l(libinit.o)
    0x000002d6   0x00000004   Code   RO          224    .ARM.Collect$$libinit$$00000001  c_w.l(libinit2.o)
    0x000002da   0x00000000   Code   RO          228    .ARM.Collect$$libinit$$00000008  c_w.l(libinit2.o)
    0x000002da   0x00000000   Code   RO          230    .ARM.Collect$$libinit$$0000000A  c_w.l(libinit2.o)
    0x000002da   0x00000000   Code   RO          232    .ARM.Collect$$libinit$$0000000C  c_w.l(libinit2.o)
    0x000002da   0x00000006   Code   RO          233    .ARM.Collect$$libinit$$0000000D  c_w.l(libinit2.o)
    0x000002e0   0x00000000   Code   RO          235    .ARM.Collect$$libinit$$0000000F  c_w.l(libinit2.o)
    0x000002e0   0x0000000c   Code   RO          236    .ARM.Collect$$libinit$$00000010  c_w.l(libinit2.o)
    0x000002ec   0x00000000   Code   RO          237    .ARM.Collect$$libinit$$00000011  c_w.l(libinit2.o)
    0x000002ec   0x00000000   Code   RO          239    .ARM.Collect$$libinit$$00000013  c_w.l(libinit2.o)
    0x000002ec   0x0000000a   Code   RO          240    .ARM.Collect$$libinit$$00000014  c_w.l(libinit2.o)
    0x000002f6   0x00000000   Code   RO          241    .ARM.Collect$$libinit$$00000015  c_w.l(libinit2.o)
    0x000002f6   0x00000000   Code   RO          243    .ARM.Collect$$libinit$$00000017  c_w.l(libinit2.o)
    0x000002f6   0x00000000   Code   RO          245    .ARM.Collect$$libinit$$00000019  c_w.l(libinit2.o)
    0x000002f6   0x00000000   Code   RO          247    .ARM.Collect$$libinit$$0000001B  c_w.l(libinit2.o)
    0x000002f6   0x00000000   Code   RO          249    .ARM.Collect$$libinit$$0000001D  c_w.l(libinit2.o)
    0x000002f6   0x00000000   Code   RO          251    .ARM.Collect$$libinit$$0000001F  c_w.l(libinit2.o)
    0x000002f6   0x00000000   Code   RO          253    .ARM.Collect$$libinit$$00000021  c_w.l(libinit2.o)
    0x000002f6   0x00000000   Code   RO          255    .ARM.Collect$$libinit$$00000023  c_w.l(libinit2.o)
    0x000002f6   0x00000000   Code   RO          259    .ARM.Collect$$libinit$$0000002A  c_w.l(libinit2.o)
    0x000002f6   0x00000000   Code   RO          261    .ARM.Collect$$libinit$$0000002C  c_w.l(libinit2.o)
    0x000002f6   0x00000000   Code   RO          263    .ARM.Collect$$libinit$$0000002E  c_w.l(libinit2.o)
    0x000002f6   0x00000000   Code   RO          265    .ARM.Collect$$libinit$$00000030  c_w.l(libinit2.o)
    0x000002f6   0x00000002   Code   RO          266    .ARM.Collect$$libinit$$00000031  c_w.l(libinit2.o)
    0x000002f8   0x00000002   Code   RO          296    .ARM.Collect$$libshutdown$$00000000  c_w.l(libshutdown.o)
    0x000002fa   0x00000000   Code   RO          308    .ARM.Collect$$libshutdown$$00000003  c_w.l(libshutdown2.o)
    0x000002fa   0x00000000   Code   RO          311    .ARM.Collect$$libshutdown$$00000006  c_w.l(libshutdown2.o)
    0x000002fa   0x00000000   Code   RO          314    .ARM.Collect$$libshutdown$$00000009  c_w.l(libshutdown2.o)
    0x000002fa   0x00000000   Code   RO          316    .ARM.Collect$$libshutdown$$0000000B  c_w.l(libshutdown2.o)
    0x000002fa   0x00000000   Code   RO          319    .ARM.Collect$$libshutdown$$0000000E  c_w.l(libshutdown2.o)
    0x000002fa   0x00000002   Code   RO          320    .ARM.Collect$$libshutdown$$0000000F  c_w.l(libshutdown2.o)
    0x000002fc   0x00000000   Code   RO          120    .ARM.Collect$$rtentry$$00000000  c_w.l(rtentry.o)
    0x000002fc   0x00000000   Code   RO          146    .ARM.Collect$$rtentry$$00000002  c_w.l(rtentry2.o)
    0x000002fc   0x00000006   Code   RO          158    .ARM.Collect$$rtentry$$00000004  c_w.l(rtentry4.o)
    0x00000302   0x00000000   Code   RO          148    .ARM.Collect$$rtentry$$00000009  c_w.l(rtentry2.o)
    0x00000302   0x00000004   Code   RO          149    .ARM.Collect$$rtentry$$0000000A  c_w.l(rtentry2.o)
    0x00000306   0x00000000   Code   RO          151    .ARM.Collect$$rtentry$$0000000C  c_w.l(rtentry2.o)
    0x00000306   0x00000008   Code   RO          152    .ARM.Collect$$rtentry$$0000000D  c_w.l(rtentry2.o)
    0x0000030e   0x00000002   Code   RO          267    .ARM.Collect$$rtexit$$00000000  c_w.l(rtexit.o)
    0x00000310   0x00000000   Code   RO          274    .ARM.Collect$$rtexit$$00000002  c_w.l(rtexit2.o)
    0x00000310   0x00000004   Code   RO          275    .ARM.Collect$$rtexit$$00000003  c_w.l(rtexit2.o)
    0x00000314   0x00000006   Code   RO          276    .ARM.Collect$$rtexit$$00000004  c_w.l(rtexit2.o)
    0x0000031a   0x00000002   PAD
    0x0000031c   0x00000114   Code   RO            4  * .text               startup_tm4c123.o
    0x00000430   0x0000000c   Code   RO           10    .text               main.o
    0x0000043c   0x000005d0   Code   RO           37    .text               initialization.o
    0x00000a0c   0x00000030   Code   RO           60    .text               delay.o
    0x00000a3c   0x00000028   Code   RO           79    .text               c_w.l(noretval__2sprintf.o)
    0x00000a64   0x00000052   Code   RO           83    .text               c_w.l(_printf_pad.o)
    0x00000ab6   0x00000002   PAD
    0x00000ab8   0x00000078   Code   RO           85    .text               c_w.l(_printf_dec.o)
    0x00000b30   0x0000010e   Code   RO           95    .text               c_w.l(__printf_wp.o)
    0x00000c3e   0x0000001a   Code   RO          110    .text               c_w.l(atoi.o)
    0x00000c58   0x00000006   Code   RO          112    .text               c_w.l(heapauxi.o)
    0x00000c5e   0x00000002   PAD
    0x00000c60   0x00000008   Code   RO          124    .text               c_w.l(rt_errno_addr_intlibspace.o)
    0x00000c68   0x000000b8   Code   RO          126    .text               c_w.l(_printf_intcommon.o)
    0x00000d20   0x00000420   Code   RO          128    .text               c_w.l(_printf_fp_dec.o)
    0x00001140   0x00000030   Code   RO          130    .text               c_w.l(_printf_char_common.o)
    0x00001170   0x0000000a   Code   RO          132    .text               c_w.l(_sputc.o)
    0x0000117a   0x00000070   Code   RO          135    .text               c_w.l(strtol.o)
    0x000011ea   0x00000002   PAD
    0x000011ec   0x00000008   Code   RO          142    .text               c_w.l(libspace.o)
    0x000011f4   0x00000010   Code   RO          160    .text               c_w.l(rt_ctype_table.o)
    0x00001204   0x00000008   Code   RO          165    .text               c_w.l(rt_locale_intlibspace.o)
    0x0000120c   0x0000008a   Code   RO          167    .text               c_w.l(lludiv10.o)
    0x00001296   0x00000002   PAD
    0x00001298   0x00000080   Code   RO          169    .text               c_w.l(_printf_fp_infnan.o)
    0x00001318   0x0000009e   Code   RO          173    .text               c_w.l(_strtoul.o)
    0x000013b6   0x00000002   PAD
    0x000013b8   0x000000e4   Code   RO          175    .text               c_w.l(bigflt0.o)
    0x0000149c   0x0000004a   Code   RO          207    .text               c_w.l(sys_stackheap_outer.o)
    0x000014e6   0x0000001c   Code   RO          209    .text               c_w.l(_chval.o)
    0x00001502   0x0000000c   Code   RO          214    .text               c_w.l(exit.o)
    0x0000150e   0x00000002   PAD
    0x00001510   0x00000080   Code   RO          216    .text               c_w.l(strcmpv7m.o)
    0x00001590   0x0000000c   Code   RO          286    .text               c_w.l(sys_exit.o)
    0x0000159c   0x00000002   Code   RO          297    .text               c_w.l(use_no_semi.o)
    0x0000159e   0x00000000   Code   RO          299    .text               c_w.l(indicate_semi.o)
    0x0000159e   0x0000003e   Code   RO          178    CL$$btod_d2e        c_w.l(btod.o)
    0x000015dc   0x00000046   Code   RO          180    CL$$btod_d2e_denorm_low  c_w.l(btod.o)
    0x00001622   0x00000060   Code   RO          179    CL$$btod_d2e_norm_op1  c_w.l(btod.o)
    0x00001682   0x00000338   Code   RO          188    CL$$btod_div_common  c_w.l(btod.o)
    0x000019ba   0x000000c6   Code   RO          185    CL$$btod_e2e        c_w.l(btod.o)
    0x00001a80   0x00000028   Code   RO          182    CL$$btod_ediv       c_w.l(btod.o)
    0x00001aa8   0x00000028   Code   RO          181    CL$$btod_emul       c_w.l(btod.o)
    0x00001ad0   0x00000244   Code   RO          187    CL$$btod_mult_common  c_w.l(btod.o)
    0x00001d14   0x00000030   Code   RO          205    i.__ARM_fpclassify  m_wm.l(fpclassify.o)
    0x00001d44   0x0000000e   Code   RO           97    i._is_digit         c_w.l(__printf_wp.o)
    0x00001d52   0x00000002   PAD
    0x00001d54   0x0000002c   Code   RO          201    locale$$code        c_w.l(lc_numeric_c.o)
    0x00001d80   0x0000002c   Code   RO          212    locale$$code        c_w.l(lc_ctype_c.o)
    0x00001dac   0x0000000c   Code   RO          137    x$fpl$dretinf       fz_wm.l(dretinf.o)
    0x00001db8   0x00000056   Code   RO          116    x$fpl$f2d           fz_wm.l(f2d.o)
    0x00001e0e   0x0000008c   Code   RO          139    x$fpl$fnaninf       fz_wm.l(fnaninf.o)
    0x00001e9a   0x0000000a   Code   RO          271    x$fpl$fpinit        fz_wm.l(fpinit.o)
    0x00001ea4   0x00000004   Code   RO          118    x$fpl$printf1       fz_wm.l(printf1.o)
    0x00001ea8   0x00000000   Code   RO          141    x$fpl$usenofp       fz_wm.l(usenofp.o)
    0x00001ea8   0x00000010   Data   RO           38    .constdata          initialization.o
    0x00001eb8   0x00000094   Data   RO          176    .constdata          c_w.l(bigflt0.o)
    0x00001f4c   0x00000010   Data   RO          345    Region$$Table       anon$$obj.o
    0x00001f5c   0x0000001c   Data   RO          200    locale$$data        c_w.l(lc_numeric_c.o)
    0x00001f78   0x00000110   Data   RO          211    locale$$data        c_w.l(lc_ctype_c.o)


    Execution Region ER_RW (Base: 0x20000000, Size: 0x00000000, Max: 0xffffffff, ABSOLUTE)

    **** No section assigned to this execution region ****


    Execution Region ER_ZI (Base: 0x20000000, Size: 0x00000260, Max: 0xffffffff, ABSOLUTE)

    Base Addr    Size         Type   Attr      Idx    E Section Name        Object

    0x20000000   0x00000060   Zero   RW          143    .bss                c_w.l(libspace.o)
    0x20000060   0x00000000   Zero   RW            2    HEAP                startup_tm4c123.o
    0x20000060   0x00000200   Zero   RW            1    STACK               startup_tm4c123.o


==============================================================================

Image component sizes


      Code (inc. data)   RO Data    RW Data    ZI Data      Debug   Object Name

        48          0          0          0          0        616   delay.o
      1488         70         16          0          0       2451   initialization.o
        12          0          0          0          0       2042   main.o
       276         24        620          0        512       5384   startup_tm4c123.o

    ----------------------------------------------------------------------
      1824         94        652          0        512      10493   Object Totals
         0          0         16          0          0          0   (incl. Generated)
         0          0          0          0          0          0   (incl. Padding)

    ----------------------------------------------------------------------

      Code (inc. data)   RO Data    RW Data    ZI Data      Debug   Library Member Name

         8          0          0          0          0         68   __main.o
       284          0          0          0          0        156   __printf_wp.o
        52          8          0          0          0          0   __scatter.o
        28          0          0          0          0          0   __scatter_zi.o
        28          0          0          0          0         68   _chval.o
        48          6          0          0          0         96   _printf_char_common.o
         6          0          0          0          0          0   _printf_d.o
       120         18          0          0          0         92   _printf_dec.o
         6          0          0          0          0          0   _printf_f.o
      1056          0          0          0          0        216   _printf_fp_dec.o
       128         16          0          0          0         84   _printf_fp_infnan.o
       184          0          0          0          0         88   _printf_intcommon.o
        82          0          0          0          0        108   _printf_pad.o
         0          0          0          0          0          0   _printf_percent.o
         4          0          0          0          0          0   _printf_percent_end.o
        10          0          0          0          0         68   _sputc.o
       158          0          0          0          0         92   _strtoul.o
        26          0          0          0          0         80   atoi.o
       228          6        148          0          0         96   bigflt0.o
      1910        128          0          0          0        672   btod.o
        12          0          0          0          0         72   exit.o
         6          0          0          0          0        152   heapauxi.o
         0          0          0          0          0          0   indicate_semi.o
        44         10        272          0          0         76   lc_ctype_c.o
        44         10         28          0          0         76   lc_numeric_c.o
         2          0          0          0          0          0   libinit.o
        34          0          0          0          0          0   libinit2.o
         2          0          0          0          0          0   libshutdown.o
         2          0          0          0          0          0   libshutdown2.o
         8          4          0          0         96         68   libspace.o
       138          0          0          0          0         80   lludiv10.o
        40          6          0          0          0         84   noretval__2sprintf.o
        16          4          0          0          0         76   rt_ctype_table.o
         8          4          0          0          0         68   rt_errno_addr_intlibspace.o
         8          4          0          0          0         68   rt_locale_intlibspace.o
         0          0          0          0          0          0   rtentry.o
        12          0          0          0          0          0   rtentry2.o
         6          0          0          0          0          0   rtentry4.o
         2          0          0          0          0          0   rtexit.o
        10          0          0          0          0          0   rtexit2.o
       128          0          0          0          0         68   strcmpv7m.o
       112          0          0          0          0         88   strtol.o
        12          4          0          0          0         68   sys_exit.o
        74          0          0          0          0         80   sys_stackheap_outer.o
         2          0          0          0          0         68   use_no_semi.o
        12          0          0          0          0        116   dretinf.o
        86          4          0          0          0        132   f2d.o
       140          4          0          0          0        132   fnaninf.o
        10          0          0          0          0        116   fpinit.o
         4          0          0          0          0        116   printf1.o
         0          0          0          0          0          0   usenofp.o
        48          0          0          0          0        124   fpclassify.o

    ----------------------------------------------------------------------
      5404        236        448          0         96       3912   Library Totals
        16          0          0          0          0          0   (incl. Padding)

    ----------------------------------------------------------------------

      Code (inc. data)   RO Data    RW Data    ZI Data      Debug   Library Name

      5088        228        448          0         96       3176   c_w.l
       252          8          0          0          0        612   fz_wm.l
        48          0          0          0          0        124   m_wm.l

    ----------------------------------------------------------------------
      5404        236        448          0         96       3912   Library Totals

    ----------------------------------------------------------------------

==============================================================================


      Code (inc. data)   RO Data    RW Data    ZI Data      Debug   

      7228        330       1100          0        608      11833   Grand Totals
      7228        330       1100          0        608      11833   ELF Image Totals
      7228        330       1100          0          0          0   ROM Totals

==============================================================================

    Total RO  Size (Code + RO Data)                 8328 (   8.13kB)
    Total RW  Size (RW Data + ZI Data)               608 (   0.59kB)
    Total ROM Size (Code + RO Data + RW Data)       8328 (   8.13kB)

==============================================================================

